21:44:22 **** Incremental Build of configuration Debug for project EXTI_TEST ****
make all 
Building file: ../src/GPIO_program.c
Invoking: Cross ARM GNU C Compiler
arm-none-eabi-gcc -mcpu=cortex-m3 -mthumb -Og -fmessage-length=0 -fsigned-char -ffunction-sections -fdata-sections -ffreestanding -fno-move-loop-invariants -Wall -Wextra  -g3 -DDEBUG -DUSE_FULL_ASSERT -DTRACE -DOS_USE_TRACE_SEMIHOSTING_DEBUG -DSTM32F10X_MD -DUSE_STDPERIPH_DRIVER -DHSE_VALUE=8000000 -I"../include" -I"../system/include" -I"../system/include/cmsis" -I"../system/include/stm32f1-stdperiph" -std=gnu11 -MMD -MP -MF"src/GPIO_program.d" -MT"src/GPIO_program.o" -c -o "src/GPIO_program.o" "../src/GPIO_program.c"
../src/GPIO_program.c: In function 'GPIO_voidInit':
../src/GPIO_program.c:17:2: warning: implicit declaration of function 'RCC_RCC_voidInit'; did you mean 'RCC_voidInit'? [-Wimplicit-function-declaration]
  RCC_RCC_voidInit();
  ^~~~~~~~~~~~~~~~
  RCC_voidInit
../src/GPIO_program.c: In function 'GPIO_voidSetInput':
../src/GPIO_program.c:60:8: warning: this statement may fall through [-Wimplicit-fallthrough=]
      if(enuPINx<=7){
        ^
../src/GPIO_program.c:68:3: note: here
   case PORTB: if(enuPINx<=7){
   ^~~~
../src/GPIO_program.c:68:17: warning: this statement may fall through [-Wimplicit-fallthrough=]
   case PORTB: if(enuPINx<=7){
                 ^
../src/GPIO_program.c:76:3: note: here
   case PORTC: if(enuPINx<=7){
   ^~~~
../src/GPIO_program.c: In function 'GPIO_voidSetOutput':
../src/GPIO_program.c:90:8: warning: this statement may fall through [-Wimplicit-fallthrough=]
      if(enuPINx<=7){
        ^
../src/GPIO_program.c:98:3: note: here
   case PORTB: if(enuPINx<=7){
   ^~~~
../src/GPIO_program.c:98:17: warning: this statement may fall through [-Wimplicit-fallthrough=]
   case PORTB: if(enuPINx<=7){
                 ^
../src/GPIO_program.c:106:3: note: here
   case PORTC: if(enuPINx<=7){
   ^~~~
Finished building: ../src/GPIO_program.c
 
Building target: EXTI_TEST.elf
Invoking: Cross ARM GNU C++ Linker
arm-none-eabi-g++ -mcpu=cortex-m3 -mthumb -Og -fmessage-length=0 -fsigned-char -ffunction-sections -fdata-sections -ffreestanding -fno-move-loop-invariants -Wall -Wextra  -g3 -T mem.ld -T libs.ld -T sections.ld -nostartfiles -Xlinker --gc-sections -L"../ldscripts" -Wl,-Map,"EXTI_TEST.map" --specs=nano.specs -o "EXTI_TEST.elf"  ./system/src/stm32f1-stdperiph/misc.o ./system/src/stm32f1-stdperiph/stm32f10x_gpio.o ./system/src/stm32f1-stdperiph/stm32f10x_rcc.o  ./system/src/newlib/_cxx.o ./system/src/newlib/_exit.o ./system/src/newlib/_sbrk.o ./system/src/newlib/_startup.o ./system/src/newlib/_syscalls.o ./system/src/newlib/assert.o  ./system/src/diag/Trace.o ./system/src/diag/trace_impl.o  ./system/src/cortexm/_initialize_hardware.o ./system/src/cortexm/_reset_hardware.o ./system/src/cortexm/exception_handlers.o  ./system/src/cmsis/system_stm32f10x.o ./system/src/cmsis/vectors_stm32f10x.o  ./src/AFIO_program.o ./src/EXTI_program.o ./src/GPIO_program.o ./src/NVIC_program.o ./src/RCC_program.o ./src/SCB_program.o ./src/main.o   
Finished building target: EXTI_TEST.elf
 
Invoking: Cross ARM GNU Create Flash Image
arm-none-eabi-objcopy -O ihex "EXTI_TEST.elf"  "EXTI_TEST.hex"
Finished building: EXTI_TEST.hex
 
Invoking: Cross ARM GNU Print Size
arm-none-eabi-size --format=berkeley "EXTI_TEST.elf"
   text	   data	    bss	    dec	    hex	filename
   4355	    176	    412	   4943	   134f	EXTI_TEST.elf
Finished building: EXTI_TEST.siz
 
21:47:53 **** Incremental Build of configuration Debug for project EXTI_TEST ****
make all 
Invoking: Cross ARM GNU Print Size
arm-none-eabi-size --format=berkeley "EXTI_TEST.elf"
   text	   data	    bss	    dec	    hex	filename
   4355	    176	    412	   4943	   134f	EXTI_TEST.elf
Finished building: EXTI_TEST.siz
 
21:53:28 **** Incremental Build of configuration Debug for project EXTI_TEST ****
make all 
Invoking: Cross ARM GNU Print Size
arm-none-eabi-size --format=berkeley "EXTI_TEST.elf"
   text	   data	    bss	    dec	    hex	filename
   4355	    176	    412	   4943	   134f	EXTI_TEST.elf
Finished building: EXTI_TEST.siz
 
